[     982ms] [ERROR] Failed to load resource: net::ERR_NAME_NOT_RESOLVED @ https://o105822.ingest.us.sentry.io/api/1317425/envelope/?sentry_version=7&sentry_key=3a63564adecb4b27b1eeccd8f113ea10&sentry_client=sentry.javascript.react%2F10.45.0:0
[     983ms] [ERROR] Failed to load resource: net::ERR_NAME_NOT_RESOLVED @ https://o105822.ingest.us.sentry.io/api/1317425/envelope/?sentry_version=7&sentry_key=3a63564adecb4b27b1eeccd8f113ea10&sentry_client=sentry.javascript.react%2F10.45.0:0
[    1119ms] [ERROR] Failed to load resource: the server responded with a status of 403 () @ https://app.revenuecat.com/v1/developers/login/refresh-token:0
[    1377ms] [ERROR] Failed to load resource: the server responded with a status of 403 () @ https://app.revenuecat.com/v1/developers/me:0
[    3047ms] [ERROR] Failed to load resource: net::ERR_NAME_NOT_RESOLVED @ https://o105822.ingest.us.sentry.io/api/1317425/envelope/?sentry_version=7&sentry_key=3a63564adecb4b27b1eeccd8f113ea10&sentry_client=sentry.javascript.react%2F10.45.0:0
[    3048ms] [ERROR] Failed to load resource: net::ERR_NAME_NOT_RESOLVED @ https://o105822.ingest.us.sentry.io/api/1317425/envelope/?sentry_version=7&sentry_key=3a63564adecb4b27b1eeccd8f113ea10&sentry_client=sentry.javascript.react%2F10.45.0:0
[    3048ms] [ERROR] Failed to load resource: net::ERR_NAME_NOT_RESOLVED @ https://o105822.ingest.us.sentry.io/api/1317425/envelope/?sentry_version=7&sentry_key=3a63564adecb4b27b1eeccd8f113ea10&sentry_client=sentry.javascript.react%2F10.45.0:0
[   25910ms] [LOG] %c6sense JS 
        font-weight: bold;
        border-radius: 3px;
        background-color: #dcab8b;
        color: #192232;
        padding: 1px 2px;
         Hit MAX_ITERATIONS in getNameOfClosestParent @ https://app.revenuecat.com/assets/router-CoUosjCq.js:41
[   25910ms] [LOG] %c6sense JS 
        font-weight: bold;
        border-radius: 3px;
        background-color: #dcab8b;
        color: #192232;
        padding: 1px 2px;
         Form Element:  JSHandle@node  cannot have a name determined from parents, skipping @ https://app.revenuecat.com/assets/router-CoUosjCq.js:41
[   25910ms] [LOG] %c6sense JS 
        font-weight: bold;
        border-radius: 3px;
        background-color: #dcab8b;
        color: #192232;
        padding: 1px 2px;
         Hit MAX_ITERATIONS in getNameOfClosestParent @ https://app.revenuecat.com/assets/router-CoUosjCq.js:41
[   25910ms] [LOG] %c6sense JS 
        font-weight: bold;
        border-radius: 3px;
        background-color: #dcab8b;
        color: #192232;
        padding: 1px 2px;
         Form Element:  JSHandle@node  cannot have a name determined from parents, skipping @ https://app.revenuecat.com/assets/router-CoUosjCq.js:41
[   25910ms] [LOG] %c6sense JS 
        font-weight: bold;
        border-radius: 3px;
        background-color: #dcab8b;
        color: #192232;
        padding: 1px 2px;
         Hit MAX_ITERATIONS in getNameOfClosestParent @ https://app.revenuecat.com/assets/router-CoUosjCq.js:41
[   25910ms] [LOG] %c6sense JS 
        font-weight: bold;
        border-radius: 3px;
        background-color: #dcab8b;
        color: #192232;
        padding: 1px 2px;
         Form Element:  JSHandle@node  cannot have a name determined from parents, skipping @ https://app.revenuecat.com/assets/router-CoUosjCq.js:41
[   31380ms] [LOG] %c6sense JS 
        font-weight: bold;
        border-radius: 3px;
        background-color: #dcab8b;
        color: #192232;
        padding: 1px 2px;
         Hit MAX_ITERATIONS in getNameOfClosestParent @ https://app.revenuecat.com/assets/router-CoUosjCq.js:41
[   31380ms] [LOG] %c6sense JS 
        font-weight: bold;
        border-radius: 3px;
        background-color: #dcab8b;
        color: #192232;
        padding: 1px 2px;
         Form Element:  JSHandle@node  cannot have a name determined from parents, skipping @ https://app.revenuecat.com/assets/router-CoUosjCq.js:41
[   31380ms] [LOG] %c6sense JS 
        font-weight: bold;
        border-radius: 3px;
        background-color: #dcab8b;
        color: #192232;
        padding: 1px 2px;
         Hit MAX_ITERATIONS in getNameOfClosestParent @ https://app.revenuecat.com/assets/router-CoUosjCq.js:41
[   31380ms] [LOG] %c6sense JS 
        font-weight: bold;
        border-radius: 3px;
        background-color: #dcab8b;
        color: #192232;
        padding: 1px 2px;
         Form Element:  JSHandle@node  cannot have a name determined from parents, skipping @ https://app.revenuecat.com/assets/router-CoUosjCq.js:41
[   31380ms] [LOG] %c6sense JS 
        font-weight: bold;
        border-radius: 3px;
        background-color: #dcab8b;
        color: #192232;
        padding: 1px 2px;
         Hit MAX_ITERATIONS in getNameOfClosestParent @ https://app.revenuecat.com/assets/router-CoUosjCq.js:41
[   31380ms] [LOG] %c6sense JS 
        font-weight: bold;
        border-radius: 3px;
        background-color: #dcab8b;
        color: #192232;
        padding: 1px 2px;
         Form Element:  JSHandle@node  cannot have a name determined from parents, skipping @ https://app.revenuecat.com/assets/router-CoUosjCq.js:41
[   31381ms] [LOG] %c6sense JS 
        font-weight: bold;
        border-radius: 3px;
        background-color: #dcab8b;
        color: #192232;
        padding: 1px 2px;
         Hit MAX_ITERATIONS in getNameOfClosestParent @ https://app.revenuecat.com/assets/router-CoUosjCq.js:41
[   31381ms] [LOG] %c6sense JS 
        font-weight: bold;
        border-radius: 3px;
        background-color: #dcab8b;
        color: #192232;
        padding: 1px 2px;
         Form Element:  JSHandle@node  cannot have a name determined from parents, skipping @ https://app.revenuecat.com/assets/router-CoUosjCq.js:41
[   31779ms] [ERROR] Failed to load resource: the server responded with a status of 403 () @ https://app.revenuecat.com/v1/developers/login:0
[   32177ms] [ERROR] Failed to load resource: the server responded with a status of 403 () @ https://app.revenuecat.com/v1/developers/login/refresh-token:0
[   32266ms] [ERROR] Failed to load resource: the server responded with a status of 403 () @ https://app.revenuecat.com/v1/developers/me:0
[   35846ms] [LOG] %c6sense JS 
        font-weight: bold;
        border-radius: 3px;
        background-color: #dcab8b;
        color: #192232;
        padding: 1px 2px;
         Hit MAX_ITERATIONS in getNameOfClosestParent @ https://app.revenuecat.com/assets/router-CoUosjCq.js:41
[   35846ms] [LOG] %c6sense JS 
        font-weight: bold;
        border-radius: 3px;
        background-color: #dcab8b;
        color: #192232;
        padding: 1px 2px;
         Form Element:  JSHandle@node  cannot have a name determined from parents, skipping @ https://app.revenuecat.com/assets/router-CoUosjCq.js:41
[   35846ms] [LOG] %c6sense JS 
        font-weight: bold;
        border-radius: 3px;
        background-color: #dcab8b;
        color: #192232;
        padding: 1px 2px;
         Hit MAX_ITERATIONS in getNameOfClosestParent @ https://app.revenuecat.com/assets/router-CoUosjCq.js:41
[   35846ms] [LOG] %c6sense JS 
        font-weight: bold;
        border-radius: 3px;
        background-color: #dcab8b;
        color: #192232;
        padding: 1px 2px;
         Form Element:  JSHandle@node  cannot have a name determined from parents, skipping @ https://app.revenuecat.com/assets/router-CoUosjCq.js:41
[   35846ms] [LOG] %c6sense JS 
        font-weight: bold;
        border-radius: 3px;
        background-color: #dcab8b;
        color: #192232;
        padding: 1px 2px;
         Hit MAX_ITERATIONS in getNameOfClosestParent @ https://app.revenuecat.com/assets/router-CoUosjCq.js:41
[   35846ms] [LOG] %c6sense JS 
        font-weight: bold;
        border-radius: 3px;
        background-color: #dcab8b;
        color: #192232;
        padding: 1px 2px;
         Form Element:  JSHandle@node  cannot have a name determined from parents, skipping @ https://app.revenuecat.com/assets/router-CoUosjCq.js:41
[   36069ms] [ERROR] Failed to load resource: the server responded with a status of 502 (Bad Gateway) @ https://data.hockeystack.com/send:0
[   36069ms] [ERROR] Failed to load resource: the server responded with a status of 502 (Bad Gateway) @ https://data.hockeystack.com/send:0
[   40094ms] [LOG] %c6sense JS 
        font-weight: bold;
        border-radius: 3px;
        background-color: #dcab8b;
        color: #192232;
        padding: 1px 2px;
         Hit MAX_ITERATIONS in getNameOfClosestParent @ https://app.revenuecat.com/assets/router-CoUosjCq.js:41
[   40095ms] [LOG] %c6sense JS 
        font-weight: bold;
        border-radius: 3px;
        background-color: #dcab8b;
        color: #192232;
        padding: 1px 2px;
         Form Element:  JSHandle@node  cannot have a name determined from parents, skipping @ https://app.revenuecat.com/assets/router-CoUosjCq.js:41
[   40095ms] [LOG] %c6sense JS 
        font-weight: bold;
        border-radius: 3px;
        background-color: #dcab8b;
        color: #192232;
        padding: 1px 2px;
         Hit MAX_ITERATIONS in getNameOfClosestParent @ https://app.revenuecat.com/assets/router-CoUosjCq.js:41
[   40095ms] [LOG] %c6sense JS 
        font-weight: bold;
        border-radius: 3px;
        background-color: #dcab8b;
        color: #192232;
        padding: 1px 2px;
         Form Element:  JSHandle@node  cannot have a name determined from parents, skipping @ https://app.revenuecat.com/assets/router-CoUosjCq.js:41
[   40095ms] [LOG] %c6sense JS 
        font-weight: bold;
        border-radius: 3px;
        background-color: #dcab8b;
        color: #192232;
        padding: 1px 2px;
         Hit MAX_ITERATIONS in getNameOfClosestParent @ https://app.revenuecat.com/assets/router-CoUosjCq.js:41
[   40095ms] [LOG] %c6sense JS 
        font-weight: bold;
        border-radius: 3px;
        background-color: #dcab8b;
        color: #192232;
        padding: 1px 2px;
         Form Element:  JSHandle@node  cannot have a name determined from parents, skipping @ https://app.revenuecat.com/assets/router-CoUosjCq.js:41
[   40095ms] [LOG] %c6sense JS 
        font-weight: bold;
        border-radius: 3px;
        background-color: #dcab8b;
        color: #192232;
        padding: 1px 2px;
         Hit MAX_ITERATIONS in getNameOfClosestParent @ https://app.revenuecat.com/assets/router-CoUosjCq.js:41
[   40095ms] [LOG] %c6sense JS 
        font-weight: bold;
        border-radius: 3px;
        background-color: #dcab8b;
        color: #192232;
        padding: 1px 2px;
         Form Element:  JSHandle@node  cannot have a name determined from parents, skipping @ https://app.revenuecat.com/assets/router-CoUosjCq.js:41
[   40274ms] [ERROR] Failed to load resource: the server responded with a status of 403 () @ https://app.revenuecat.com/v1/developers/login:0
[   40420ms] [ERROR] Failed to load resource: the server responded with a status of 403 () @ https://app.revenuecat.com/v1/developers/login/refresh-token:0
[   40457ms] [ERROR] Failed to load resource: the server responded with a status of 403 () @ https://app.revenuecat.com/v1/developers/me:0
[   44389ms] [LOG] %c6sense JS 
        font-weight: bold;
        border-radius: 3px;
        background-color: #dcab8b;
        color: #192232;
        padding: 1px 2px;
         Hit MAX_ITERATIONS in getNameOfClosestParent @ https://app.revenuecat.com/assets/router-CoUosjCq.js:41
[   44389ms] [LOG] %c6sense JS 
        font-weight: bold;
        border-radius: 3px;
        background-color: #dcab8b;
        color: #192232;
        padding: 1px 2px;
         Form Element:  JSHandle@node  cannot have a name determined from parents, skipping @ https://app.revenuecat.com/assets/router-CoUosjCq.js:41
[   44389ms] [LOG] %c6sense JS 
        font-weight: bold;
        border-radius: 3px;
        background-color: #dcab8b;
        color: #192232;
        padding: 1px 2px;
         Hit MAX_ITERATIONS in getNameOfClosestParent @ https://app.revenuecat.com/assets/router-CoUosjCq.js:41
[   44389ms] [LOG] %c6sense JS 
        font-weight: bold;
        border-radius: 3px;
        background-color: #dcab8b;
        color: #192232;
        padding: 1px 2px;
         Form Element:  JSHandle@node  cannot have a name determined from parents, skipping @ https://app.revenuecat.com/assets/router-CoUosjCq.js:41
[   44389ms] [LOG] %c6sense JS 
        font-weight: bold;
        border-radius: 3px;
        background-color: #dcab8b;
        color: #192232;
        padding: 1px 2px;
         Hit MAX_ITERATIONS in getNameOfClosestParent @ https://app.revenuecat.com/assets/router-CoUosjCq.js:41
[   44389ms] [LOG] %c6sense JS 
        font-weight: bold;
        border-radius: 3px;
        background-color: #dcab8b;
        color: #192232;
        padding: 1px 2px;
         Form Element:  JSHandle@node  cannot have a name determined from parents, skipping @ https://app.revenuecat.com/assets/router-CoUosjCq.js:41
[   51371ms] [LOG] %c6sense JS 
        font-weight: bold;
        border-radius: 3px;
        background-color: #dcab8b;
        color: #192232;
        padding: 1px 2px;
         Hit MAX_ITERATIONS in getNameOfClosestParent @ https://app.revenuecat.com/assets/router-CoUosjCq.js:41
[   51371ms] [LOG] %c6sense JS 
        font-weight: bold;
        border-radius: 3px;
        background-color: #dcab8b;
        color: #192232;
        padding: 1px 2px;
         Form Element:  JSHandle@node  cannot have a name determined from parents, skipping @ https://app.revenuecat.com/assets/router-CoUosjCq.js:41
[   51371ms] [LOG] %c6sense JS 
        font-weight: bold;
        border-radius: 3px;
        background-color: #dcab8b;
        color: #192232;
        padding: 1px 2px;
         Hit MAX_ITERATIONS in getNameOfClosestParent @ https://app.revenuecat.com/assets/router-CoUosjCq.js:41
[   51371ms] [LOG] %c6sense JS 
        font-weight: bold;
        border-radius: 3px;
        background-color: #dcab8b;
        color: #192232;
        padding: 1px 2px;
         Form Element:  JSHandle@node  cannot have a name determined from parents, skipping @ https://app.revenuecat.com/assets/router-CoUosjCq.js:41
[   51371ms] [LOG] %c6sense JS 
        font-weight: bold;
        border-radius: 3px;
        background-color: #dcab8b;
        color: #192232;
        padding: 1px 2px;
         Hit MAX_ITERATIONS in getNameOfClosestParent @ https://app.revenuecat.com/assets/router-CoUosjCq.js:41
[   51371ms] [LOG] %c6sense JS 
        font-weight: bold;
        border-radius: 3px;
        background-color: #dcab8b;
        color: #192232;
        padding: 1px 2px;
         Form Element:  JSHandle@node  cannot have a name determined from parents, skipping @ https://app.revenuecat.com/assets/router-CoUosjCq.js:41
[   51371ms] [LOG] %c6sense JS 
        font-weight: bold;
        border-radius: 3px;
        background-color: #dcab8b;
        color: #192232;
        padding: 1px 2px;
         Hit MAX_ITERATIONS in getNameOfClosestParent @ https://app.revenuecat.com/assets/router-CoUosjCq.js:41
[   51371ms] [LOG] %c6sense JS 
        font-weight: bold;
        border-radius: 3px;
        background-color: #dcab8b;
        color: #192232;
        padding: 1px 2px;
         Form Element:  JSHandle@node  cannot have a name determined from parents, skipping @ https://app.revenuecat.com/assets/router-CoUosjCq.js:41
[   51523ms] [ERROR] Failed to load resource: the server responded with a status of 403 () @ https://app.revenuecat.com/v1/developers/login:0
[   51671ms] [ERROR] Failed to load resource: the server responded with a status of 403 () @ https://app.revenuecat.com/v1/developers/login/refresh-token:0
[   51710ms] [ERROR] Failed to load resource: the server responded with a status of 403 () @ https://app.revenuecat.com/v1/developers/me:0
[   56599ms] [LOG] %c6sense JS 
        font-weight: bold;
        border-radius: 3px;
        background-color: #dcab8b;
        color: #192232;
        padding: 1px 2px;
         Hit MAX_ITERATIONS in getNameOfClosestParent @ https://app.revenuecat.com/assets/router-CoUosjCq.js:41
[   56599ms] [LOG] %c6sense JS 
        font-weight: bold;
        border-radius: 3px;
        background-color: #dcab8b;
        color: #192232;
        padding: 1px 2px;
         Form Element:  JSHandle@node  cannot have a name determined from parents, skipping @ https://app.revenuecat.com/assets/router-CoUosjCq.js:41
[   56599ms] [LOG] %c6sense JS 
        font-weight: bold;
        border-radius: 3px;
        background-color: #dcab8b;
        color: #192232;
        padding: 1px 2px;
         Hit MAX_ITERATIONS in getNameOfClosestParent @ https://app.revenuecat.com/assets/router-CoUosjCq.js:41
[   56599ms] [LOG] %c6sense JS 
        font-weight: bold;
        border-radius: 3px;
        background-color: #dcab8b;
        color: #192232;
        padding: 1px 2px;
         Form Element:  JSHandle@node  cannot have a name determined from parents, skipping @ https://app.revenuecat.com/assets/router-CoUosjCq.js:41
[   56599ms] [LOG] %c6sense JS 
        font-weight: bold;
        border-radius: 3px;
        background-color: #dcab8b;
        color: #192232;
        padding: 1px 2px;
         Hit MAX_ITERATIONS in getNameOfClosestParent @ https://app.revenuecat.com/assets/router-CoUosjCq.js:41
[   56600ms] [LOG] %c6sense JS 
        font-weight: bold;
        border-radius: 3px;
        background-color: #dcab8b;
        color: #192232;
        padding: 1px 2px;
         Form Element:  JSHandle@node  cannot have a name determined from parents, skipping @ https://app.revenuecat.com/assets/router-CoUosjCq.js:41
[   58480ms] [ERROR] Failed to load resource: the server responded with a status of 403 () @ https://app.revenuecat.com/v1/developers/me:0
[   59010ms] [ERROR] Failed to load resource: net::ERR_NAME_NOT_RESOLVED @ https://o105822.ingest.us.sentry.io/api/1317425/envelope/?sentry_version=7&sentry_key=3a63564adecb4b27b1eeccd8f113ea10&sentry_client=sentry.javascript.react%2F10.45.0:0
[   59011ms] [ERROR] Failed to load resource: net::ERR_NAME_NOT_RESOLVED @ https://o105822.ingest.us.sentry.io/api/1317425/envelope/?sentry_version=7&sentry_key=3a63564adecb4b27b1eeccd8f113ea10&sentry_client=sentry.javascript.react%2F10.45.0:0
[   59132ms] [LOG] %c6sense JS 
        font-weight: bold;
        border-radius: 3px;
        background-color: #dcab8b;
        color: #192232;
        padding: 1px 2px;
         Hit MAX_ITERATIONS in getNameOfClosestParent @ https://app.revenuecat.com/assets/router-CoUosjCq.js:41
[   59132ms] [LOG] %c6sense JS 
        font-weight: bold;
        border-radius: 3px;
        background-color: #dcab8b;
        color: #192232;
        padding: 1px 2px;
         Form Element:  JSHandle@node  cannot have a name determined from parents, skipping @ https://app.revenuecat.com/assets/router-CoUosjCq.js:41
[   59132ms] [LOG] %c6sense JS 
        font-weight: bold;
        border-radius: 3px;
        background-color: #dcab8b;
        color: #192232;
        padding: 1px 2px;
         Hit MAX_ITERATIONS in getNameOfClosestParent @ https://app.revenuecat.com/assets/router-CoUosjCq.js:41
[   59132ms] [LOG] %c6sense JS 
        font-weight: bold;
        border-radius: 3px;
        background-color: #dcab8b;
        color: #192232;
        padding: 1px 2px;
         Form Element:  JSHandle@node  cannot have a name determined from parents, skipping @ https://app.revenuecat.com/assets/router-CoUosjCq.js:41
[   73829ms] [LOG] %c6sense JS 
        font-weight: bold;
        border-radius: 3px;
        background-color: #dcab8b;
        color: #192232;
        padding: 1px 2px;
         Hit MAX_ITERATIONS in getNameOfClosestParent @ https://app.revenuecat.com/assets/router-CoUosjCq.js:41
[   73829ms] [LOG] %c6sense JS 
        font-weight: bold;
        border-radius: 3px;
        background-color: #dcab8b;
        color: #192232;
        padding: 1px 2px;
         Form Element:  JSHandle@node  cannot have a name determined from parents, skipping @ https://app.revenuecat.com/assets/router-CoUosjCq.js:41
[   73829ms] [LOG] %c6sense JS 
        font-weight: bold;
        border-radius: 3px;
        background-color: #dcab8b;
        color: #192232;
        padding: 1px 2px;
         Hit MAX_ITERATIONS in getNameOfClosestParent @ https://app.revenuecat.com/assets/router-CoUosjCq.js:41
[   73829ms] [LOG] %c6sense JS 
        font-weight: bold;
        border-radius: 3px;
        background-color: #dcab8b;
        color: #192232;
        padding: 1px 2px;
         Form Element:  JSHandle@node  cannot have a name determined from parents, skipping @ https://app.revenuecat.com/assets/router-CoUosjCq.js:41
[  133454ms] [ERROR] Failed to load resource: the server responded with a status of 403 () @ https://app.revenuecat.com/v1/developers/me:0
[  134179ms] [ERROR] Failed to load resource: net::ERR_NAME_NOT_RESOLVED @ https://o105822.ingest.us.sentry.io/api/1317425/envelope/?sentry_version=7&sentry_key=3a63564adecb4b27b1eeccd8f113ea10&sentry_client=sentry.javascript.react%2F10.45.0:0
[  134179ms] [ERROR] Failed to load resource: net::ERR_NAME_NOT_RESOLVED @ https://o105822.ingest.us.sentry.io/api/1317425/envelope/?sentry_version=7&sentry_key=3a63564adecb4b27b1eeccd8f113ea10&sentry_client=sentry.javascript.react%2F10.45.0:0
[  135669ms] [LOG] %c6sense JS 
        font-weight: bold;
        border-radius: 3px;
        background-color: #dcab8b;
        color: #192232;
        padding: 1px 2px;
         Hit MAX_ITERATIONS in getNameOfClosestParent @ https://app.revenuecat.com/assets/router-CoUosjCq.js:41
[  135669ms] [LOG] %c6sense JS 
        font-weight: bold;
        border-radius: 3px;
        background-color: #dcab8b;
        color: #192232;
        padding: 1px 2px;
         Form Element:  JSHandle@node  cannot have a name determined from parents, skipping @ https://app.revenuecat.com/assets/router-CoUosjCq.js:41
[  135669ms] [LOG] %c6sense JS 
        font-weight: bold;
        border-radius: 3px;
        background-color: #dcab8b;
        color: #192232;
        padding: 1px 2px;
         Hit MAX_ITERATIONS in getNameOfClosestParent @ https://app.revenuecat.com/assets/router-CoUosjCq.js:41
[  135669ms] [LOG] %c6sense JS 
        font-weight: bold;
        border-radius: 3px;
        background-color: #dcab8b;
        color: #192232;
        padding: 1px 2px;
         Form Element:  JSHandle@node  cannot have a name determined from parents, skipping @ https://app.revenuecat.com/assets/router-CoUosjCq.js:41
[  135670ms] [LOG] %c6sense JS 
        font-weight: bold;
        border-radius: 3px;
        background-color: #dcab8b;
        color: #192232;
        padding: 1px 2px;
         Hit MAX_ITERATIONS in getNameOfClosestParent @ https://app.revenuecat.com/assets/router-CoUosjCq.js:41
[  135670ms] [LOG] %c6sense JS 
        font-weight: bold;
        border-radius: 3px;
        background-color: #dcab8b;
        color: #192232;
        padding: 1px 2px;
         Form Element:  JSHandle@node  cannot have a name determined from parents, skipping @ https://app.revenuecat.com/assets/router-CoUosjCq.js:41
[  138093ms] [LOG] %c6sense JS 
        font-weight: bold;
        border-radius: 3px;
        background-color: #dcab8b;
        color: #192232;
        padding: 1px 2px;
         Hit MAX_ITERATIONS in getNameOfClosestParent @ https://app.revenuecat.com/assets/router-CoUosjCq.js:41
[  138093ms] [LOG] %c6sense JS 
        font-weight: bold;
        border-radius: 3px;
        background-color: #dcab8b;
        color: #192232;
        padding: 1px 2px;
         Form Element:  JSHandle@node  cannot have a name determined from parents, skipping @ https://app.revenuecat.com/assets/router-CoUosjCq.js:41
[  138093ms] [LOG] %c6sense JS 
        font-weight: bold;
        border-radius: 3px;
        background-color: #dcab8b;
        color: #192232;
        padding: 1px 2px;
         Hit MAX_ITERATIONS in getNameOfClosestParent @ https://app.revenuecat.com/assets/router-CoUosjCq.js:41
[  138093ms] [LOG] %c6sense JS 
        font-weight: bold;
        border-radius: 3px;
        background-color: #dcab8b;
        color: #192232;
        padding: 1px 2px;
         Form Element:  JSHandle@node  cannot have a name determined from parents, skipping @ https://app.revenuecat.com/assets/router-CoUosjCq.js:41
[  138093ms] [LOG] %c6sense JS 
        font-weight: bold;
        border-radius: 3px;
        background-color: #dcab8b;
        color: #192232;
        padding: 1px 2px;
         Hit MAX_ITERATIONS in getNameOfClosestParent @ https://app.revenuecat.com/assets/router-CoUosjCq.js:41
[  138093ms] [LOG] %c6sense JS 
        font-weight: bold;
        border-radius: 3px;
        background-color: #dcab8b;
        color: #192232;
        padding: 1px 2px;
         Form Element:  JSHandle@node  cannot have a name determined from parents, skipping @ https://app.revenuecat.com/assets/router-CoUosjCq.js:41
[  138093ms] [LOG] %c6sense JS 
        font-weight: bold;
        border-radius: 3px;
        background-color: #dcab8b;
        color: #192232;
        padding: 1px 2px;
         Hit MAX_ITERATIONS in getNameOfClosestParent @ https://app.revenuecat.com/assets/router-CoUosjCq.js:41
[  138093ms] [LOG] %c6sense JS 
        font-weight: bold;
        border-radius: 3px;
        background-color: #dcab8b;
        color: #192232;
        padding: 1px 2px;
         Form Element:  JSHandle@node  cannot have a name determined from parents, skipping @ https://app.revenuecat.com/assets/router-CoUosjCq.js:41
[  138316ms] [ERROR] Failed to load resource: the server responded with a status of 403 () @ https://app.revenuecat.com/v1/developers/login:0
[  138466ms] [ERROR] Failed to load resource: the server responded with a status of 403 () @ https://app.revenuecat.com/v1/developers/login/refresh-token:0
[  138498ms] [ERROR] Failed to load resource: the server responded with a status of 403 () @ https://app.revenuecat.com/v1/developers/me:0
[  138853ms] [ERROR] Failed to load resource: net::ERR_NAME_NOT_RESOLVED @ https://o105822.ingest.us.sentry.io/api/1317425/envelope/?sentry_version=7&sentry_key=3a63564adecb4b27b1eeccd8f113ea10&sentry_client=sentry.javascript.react%2F10.45.0:0
[  246798ms] [LOG] %c6sense JS 
        font-weight: bold;
        border-radius: 3px;
        background-color: #dcab8b;
        color: #192232;
        padding: 1px 2px;
         Hit MAX_ITERATIONS in getNameOfClosestParent @ https://app.revenuecat.com/assets/router-CoUosjCq.js:41
[  246799ms] [LOG] %c6sense JS 
        font-weight: bold;
        border-radius: 3px;
        background-color: #dcab8b;
        color: #192232;
        padding: 1px 2px;
         Form Element:  JSHandle@node  cannot have a name determined from parents, skipping @ https://app.revenuecat.com/assets/router-CoUosjCq.js:41
[  246799ms] [LOG] %c6sense JS 
        font-weight: bold;
        border-radius: 3px;
        background-color: #dcab8b;
        color: #192232;
        padding: 1px 2px;
         Hit MAX_ITERATIONS in getNameOfClosestParent @ https://app.revenuecat.com/assets/router-CoUosjCq.js:41
[  246799ms] [LOG] %c6sense JS 
        font-weight: bold;
        border-radius: 3px;
        background-color: #dcab8b;
        color: #192232;
        padding: 1px 2px;
         Form Element:  JSHandle@node  cannot have a name determined from parents, skipping @ https://app.revenuecat.com/assets/router-CoUosjCq.js:41
[  246799ms] [LOG] %c6sense JS 
        font-weight: bold;
        border-radius: 3px;
        background-color: #dcab8b;
        color: #192232;
        padding: 1px 2px;
         Hit MAX_ITERATIONS in getNameOfClosestParent @ https://app.revenuecat.com/assets/router-CoUosjCq.js:41
[  246799ms] [LOG] %c6sense JS 
        font-weight: bold;
        border-radius: 3px;
        background-color: #dcab8b;
        color: #192232;
        padding: 1px 2px;
         Form Element:  JSHandle@node  cannot have a name determined from parents, skipping @ https://app.revenuecat.com/assets/router-CoUosjCq.js:41
[  251137ms] [LOG] %c6sense JS 
        font-weight: bold;
        border-radius: 3px;
        background-color: #dcab8b;
        color: #192232;
        padding: 1px 2px;
         Hit MAX_ITERATIONS in getNameOfClosestParent @ https://app.revenuecat.com/assets/router-CoUosjCq.js:41
[  251137ms] [LOG] %c6sense JS 
        font-weight: bold;
        border-radius: 3px;
        background-color: #dcab8b;
        color: #192232;
        padding: 1px 2px;
         Form Element:  JSHandle@node  cannot have a name determined from parents, skipping @ https://app.revenuecat.com/assets/router-CoUosjCq.js:41
[  251138ms] [LOG] %c6sense JS 
        font-weight: bold;
        border-radius: 3px;
        background-color: #dcab8b;
        color: #192232;
        padding: 1px 2px;
         Hit MAX_ITERATIONS in getNameOfClosestParent @ https://app.revenuecat.com/assets/router-CoUosjCq.js:41
[  251138ms] [LOG] %c6sense JS 
        font-weight: bold;
        border-radius: 3px;
        background-color: #dcab8b;
        color: #192232;
        padding: 1px 2px;
         Form Element:  JSHandle@node  cannot have a name determined from parents, skipping @ https://app.revenuecat.com/assets/router-CoUosjCq.js:41
[  251138ms] [LOG] %c6sense JS 
        font-weight: bold;
        border-radius: 3px;
        background-color: #dcab8b;
        color: #192232;
        padding: 1px 2px;
         Hit MAX_ITERATIONS in getNameOfClosestParent @ https://app.revenuecat.com/assets/router-CoUosjCq.js:41
[  251138ms] [LOG] %c6sense JS 
        font-weight: bold;
        border-radius: 3px;
        background-color: #dcab8b;
        color: #192232;
        padding: 1px 2px;
         Form Element:  JSHandle@node  cannot have a name determined from parents, skipping @ https://app.revenuecat.com/assets/router-CoUosjCq.js:41
[  251138ms] [LOG] %c6sense JS 
        font-weight: bold;
        border-radius: 3px;
        background-color: #dcab8b;
        color: #192232;
        padding: 1px 2px;
         Hit MAX_ITERATIONS in getNameOfClosestParent @ https://app.revenuecat.com/assets/router-CoUosjCq.js:41
[  251138ms] [LOG] %c6sense JS 
        font-weight: bold;
        border-radius: 3px;
        background-color: #dcab8b;
        color: #192232;
        padding: 1px 2px;
         Form Element:  JSHandle@node  cannot have a name determined from parents, skipping @ https://app.revenuecat.com/assets/router-CoUosjCq.js:41
[  251548ms] [ERROR] Failed to load resource: the server responded with a status of 403 () @ https://app.revenuecat.com/v1/developers/login:0
[  251699ms] [ERROR] Failed to load resource: the server responded with a status of 403 () @ https://app.revenuecat.com/v1/developers/login/refresh-token:0
[  251739ms] [ERROR] Failed to load resource: the server responded with a status of 403 () @ https://app.revenuecat.com/v1/developers/me:0
[  257262ms] [LOG] %c6sense JS 
        font-weight: bold;
        border-radius: 3px;
        background-color: #dcab8b;
        color: #192232;
        padding: 1px 2px;
         Hit MAX_ITERATIONS in getNameOfClosestParent @ https://app.revenuecat.com/assets/router-CoUosjCq.js:41
[  257263ms] [LOG] %c6sense JS 
        font-weight: bold;
        border-radius: 3px;
        background-color: #dcab8b;
        color: #192232;
        padding: 1px 2px;
         Form Element:  JSHandle@node  cannot have a name determined from parents, skipping @ https://app.revenuecat.com/assets/router-CoUosjCq.js:41
[  257263ms] [LOG] %c6sense JS 
        font-weight: bold;
        border-radius: 3px;
        background-color: #dcab8b;
        color: #192232;
        padding: 1px 2px;
         Hit MAX_ITERATIONS in getNameOfClosestParent @ https://app.revenuecat.com/assets/router-CoUosjCq.js:41
[  257263ms] [LOG] %c6sense JS 
        font-weight: bold;
        border-radius: 3px;
        background-color: #dcab8b;
        color: #192232;
        padding: 1px 2px;
         Form Element:  JSHandle@node  cannot have a name determined from parents, skipping @ https://app.revenuecat.com/assets/router-CoUosjCq.js:41
[  257263ms] [LOG] %c6sense JS 
        font-weight: bold;
        border-radius: 3px;
        background-color: #dcab8b;
        color: #192232;
        padding: 1px 2px;
         Hit MAX_ITERATIONS in getNameOfClosestParent @ https://app.revenuecat.com/assets/router-CoUosjCq.js:41
[  257263ms] [LOG] %c6sense JS 
        font-weight: bold;
        border-radius: 3px;
        background-color: #dcab8b;
        color: #192232;
        padding: 1px 2px;
         Form Element:  JSHandle@node  cannot have a name determined from parents, skipping @ https://app.revenuecat.com/assets/router-CoUosjCq.js:41
[  261505ms] [LOG] %c6sense JS 
        font-weight: bold;
        border-radius: 3px;
        background-color: #dcab8b;
        color: #192232;
        padding: 1px 2px;
         Hit MAX_ITERATIONS in getNameOfClosestParent @ https://app.revenuecat.com/assets/router-CoUosjCq.js:41
[  261505ms] [LOG] %c6sense JS 
        font-weight: bold;
        border-radius: 3px;
        background-color: #dcab8b;
        color: #192232;
        padding: 1px 2px;
         Form Element:  JSHandle@node  cannot have a name determined from parents, skipping @ https://app.revenuecat.com/assets/router-CoUosjCq.js:41
[  261505ms] [LOG] %c6sense JS 
        font-weight: bold;
        border-radius: 3px;
        background-color: #dcab8b;
        color: #192232;
        padding: 1px 2px;
         Hit MAX_ITERATIONS in getNameOfClosestParent @ https://app.revenuecat.com/assets/router-CoUosjCq.js:41
[  261506ms] [LOG] %c6sense JS 
        font-weight: bold;
        border-radius: 3px;
        background-color: #dcab8b;
        color: #192232;
        padding: 1px 2px;
         Form Element:  JSHandle@node  cannot have a name determined from parents, skipping @ https://app.revenuecat.com/assets/router-CoUosjCq.js:41
[  261506ms] [LOG] %c6sense JS 
        font-weight: bold;
        border-radius: 3px;
        background-color: #dcab8b;
        color: #192232;
        padding: 1px 2px;
         Hit MAX_ITERATIONS in getNameOfClosestParent @ https://app.revenuecat.com/assets/router-CoUosjCq.js:41
[  261506ms] [LOG] %c6sense JS 
        font-weight: bold;
        border-radius: 3px;
        background-color: #dcab8b;
        color: #192232;
        padding: 1px 2px;
         Form Element:  JSHandle@node  cannot have a name determined from parents, skipping @ https://app.revenuecat.com/assets/router-CoUosjCq.js:41
[  261506ms] [LOG] %c6sense JS 
        font-weight: bold;
        border-radius: 3px;
        background-color: #dcab8b;
        color: #192232;
        padding: 1px 2px;
         Hit MAX_ITERATIONS in getNameOfClosestParent @ https://app.revenuecat.com/assets/router-CoUosjCq.js:41
[  261506ms] [LOG] %c6sense JS 
        font-weight: bold;
        border-radius: 3px;
        background-color: #dcab8b;
        color: #192232;
        padding: 1px 2px;
         Form Element:  JSHandle@node  cannot have a name determined from parents, skipping @ https://app.revenuecat.com/assets/router-CoUosjCq.js:41
[  262095ms] [ERROR] Failed to load resource: net::ERR_NAME_NOT_RESOLVED @ https://o105822.ingest.us.sentry.io/api/1317425/envelope/?sentry_version=7&sentry_key=3a63564adecb4b27b1eeccd8f113ea10&sentry_client=sentry.javascript.react%2F10.45.0:0
[  262556ms] [ERROR] Failed to load resource: net::ERR_NAME_NOT_RESOLVED @ https://o105822.ingest.us.sentry.io/api/1317425/envelope/?sentry_version=7&sentry_key=3a63564adecb4b27b1eeccd8f113ea10&sentry_client=sentry.javascript.react%2F10.45.0:0
[  262556ms] [ERROR] Failed to load resource: net::ERR_NAME_NOT_RESOLVED @ https://o105822.ingest.us.sentry.io/api/1317425/envelope/?sentry_version=7&sentry_key=3a63564adecb4b27b1eeccd8f113ea10&sentry_client=sentry.javascript.react%2F10.45.0:0
[  262697ms] [ERROR] Failed to load resource: the server responded with a status of 404 () @ https://app.revenuecat.com/internal/v1/rc_capital/onboarding/status:0
[  263250ms] [ERROR] Failed to load resource: the server responded with a status of 404 () @ https://app.revenuecat.com/internal/v1/rc_capital/onboarding/status:0
