[     605ms] [ERROR] Failed to load resource: net::ERR_NAME_NOT_RESOLVED @ https://o105822.ingest.us.sentry.io/api/1317425/envelope/?sentry_version=7&sentry_key=3a63564adecb4b27b1eeccd8f113ea10&sentry_client=sentry.javascript.react%2F10.45.0:0
[     756ms] [ERROR] Failed to load resource: the server responded with a status of 404 () @ https://app.revenuecat.com/internal/v1/rc_capital/onboarding/status:0
[    1064ms] [ERROR] Failed to load resource: the server responded with a status of 404 () @ https://app.revenuecat.com/internal/v1/rc_capital/onboarding/status:0
[    1101ms] [ERROR] Failed to load resource: net::ERR_NAME_NOT_RESOLVED @ https://o105822.ingest.us.sentry.io/api/1317425/envelope/?sentry_version=7&sentry_key=3a63564adecb4b27b1eeccd8f113ea10&sentry_client=sentry.javascript.react%2F10.45.0:0
[   27642ms] [ERROR] Failed to load resource: net::ERR_NAME_NOT_RESOLVED @ https://o105822.ingest.us.sentry.io/api/1317425/envelope/?sentry_version=7&sentry_key=3a63564adecb4b27b1eeccd8f113ea10&sentry_client=sentry.javascript.react%2F10.45.0:0
[   27766ms] [ERROR] Failed to load resource: net::ERR_NAME_NOT_RESOLVED @ https://o105822.ingest.us.sentry.io/api/1317425/envelope/?sentry_version=7&sentry_key=3a63564adecb4b27b1eeccd8f113ea10&sentry_client=sentry.javascript.react%2F10.45.0:0
[  100440ms] [LOG] %c6sense JS 
        font-weight: bold;
        border-radius: 3px;
        background-color: #dcab8b;
        color: #192232;
        padding: 1px 2px;
         Hit MAX_ITERATIONS in getNameOfClosestParent @ https://app.revenuecat.com/assets/router-CoUosjCq.js:41
[  100440ms] [LOG] %c6sense JS 
        font-weight: bold;
        border-radius: 3px;
        background-color: #dcab8b;
        color: #192232;
        padding: 1px 2px;
         Form Element:  JSHandle@node  cannot have a name determined from parents, skipping @ https://app.revenuecat.com/assets/router-CoUosjCq.js:41
[  100441ms] [LOG] %c6sense JS 
        font-weight: bold;
        border-radius: 3px;
        background-color: #dcab8b;
        color: #192232;
        padding: 1px 2px;
         Hit MAX_ITERATIONS in getNameOfClosestParent @ https://app.revenuecat.com/assets/router-CoUosjCq.js:41
[  100441ms] [LOG] %c6sense JS 
        font-weight: bold;
        border-radius: 3px;
        background-color: #dcab8b;
        color: #192232;
        padding: 1px 2px;
         Form Element:  JSHandle@node  cannot have a name determined from parents, skipping @ https://app.revenuecat.com/assets/router-CoUosjCq.js:41
[  100441ms] [LOG] %c6sense JS 
        font-weight: bold;
        border-radius: 3px;
        background-color: #dcab8b;
        color: #192232;
        padding: 1px 2px;
         Hit MAX_ITERATIONS in getNameOfClosestParent @ https://app.revenuecat.com/assets/router-CoUosjCq.js:41
[  100441ms] [LOG] %c6sense JS 
        font-weight: bold;
        border-radius: 3px;
        background-color: #dcab8b;
        color: #192232;
        padding: 1px 2px;
         Form Element:  JSHandle@node  cannot have a name determined from parents, skipping @ https://app.revenuecat.com/assets/router-CoUosjCq.js:41
[  100441ms] [LOG] %c6sense JS 
        font-weight: bold;
        border-radius: 3px;
        background-color: #dcab8b;
        color: #192232;
        padding: 1px 2px;
         Hit MAX_ITERATIONS in getNameOfClosestParent @ https://app.revenuecat.com/assets/router-CoUosjCq.js:41
[  100441ms] [LOG] %c6sense JS 
        font-weight: bold;
        border-radius: 3px;
        background-color: #dcab8b;
        color: #192232;
        padding: 1px 2px;
         Form Element:  JSHandle@node  cannot have a name determined from parents, skipping @ https://app.revenuecat.com/assets/router-CoUosjCq.js:41
[  100441ms] [LOG] %c6sense JS 
        font-weight: bold;
        border-radius: 3px;
        background-color: #dcab8b;
        color: #192232;
        padding: 1px 2px;
         Hit MAX_ITERATIONS in getNameOfClosestParent @ https://app.revenuecat.com/assets/router-CoUosjCq.js:41
[  100441ms] [LOG] %c6sense JS 
        font-weight: bold;
        border-radius: 3px;
        background-color: #dcab8b;
        color: #192232;
        padding: 1px 2px;
         Form Element:  JSHandle@node  cannot have a name determined from parents, skipping @ https://app.revenuecat.com/assets/router-CoUosjCq.js:41
[  100441ms] [LOG] %c6sense JS 
        font-weight: bold;
        border-radius: 3px;
        background-color: #dcab8b;
        color: #192232;
        padding: 1px 2px;
         Hit MAX_ITERATIONS in getNameOfClosestParent @ https://app.revenuecat.com/assets/router-CoUosjCq.js:41
[  100442ms] [LOG] %c6sense JS 
        font-weight: bold;
        border-radius: 3px;
        background-color: #dcab8b;
        color: #192232;
        padding: 1px 2px;
         Form Element:  JSHandle@node  cannot have a name determined from parents, skipping @ https://app.revenuecat.com/assets/router-CoUosjCq.js:41
[  100838ms] [ERROR] Failed to load resource: net::ERR_NAME_NOT_RESOLVED @ https://o105822.ingest.us.sentry.io/api/1317425/envelope/?sentry_version=7&sentry_key=3a63564adecb4b27b1eeccd8f113ea10&sentry_client=sentry.javascript.react%2F10.45.0:0
[  100838ms] [ERROR] Failed to load resource: net::ERR_NAME_NOT_RESOLVED @ https://o105822.ingest.us.sentry.io/api/1317425/envelope/?sentry_version=7&sentry_key=3a63564adecb4b27b1eeccd8f113ea10&sentry_client=sentry.javascript.react%2F10.45.0:0
[  168456ms] [LOG] %c6sense JS 
        font-weight: bold;
        border-radius: 3px;
        background-color: #dcab8b;
        color: #192232;
        padding: 1px 2px;
         Hit MAX_ITERATIONS in getNameOfClosestParent @ https://app.revenuecat.com/assets/router-CoUosjCq.js:41
[  168456ms] [LOG] %c6sense JS 
        font-weight: bold;
        border-radius: 3px;
        background-color: #dcab8b;
        color: #192232;
        padding: 1px 2px;
         Form Element:  JSHandle@node  cannot have a name determined from parents, skipping @ https://app.revenuecat.com/assets/router-CoUosjCq.js:41
[  168456ms] [LOG] %c6sense JS 
        font-weight: bold;
        border-radius: 3px;
        background-color: #dcab8b;
        color: #192232;
        padding: 1px 2px;
         Hit MAX_ITERATIONS in getNameOfClosestParent @ https://app.revenuecat.com/assets/router-CoUosjCq.js:41
[  168456ms] [LOG] %c6sense JS 
        font-weight: bold;
        border-radius: 3px;
        background-color: #dcab8b;
        color: #192232;
        padding: 1px 2px;
         Form Element:  JSHandle@node  cannot have a name determined from parents, skipping @ https://app.revenuecat.com/assets/router-CoUosjCq.js:41
[  168456ms] [LOG] %c6sense JS 
        font-weight: bold;
        border-radius: 3px;
        background-color: #dcab8b;
        color: #192232;
        padding: 1px 2px;
         Hit MAX_ITERATIONS in getNameOfClosestParent @ https://app.revenuecat.com/assets/router-CoUosjCq.js:41
[  168456ms] [LOG] %c6sense JS 
        font-weight: bold;
        border-radius: 3px;
        background-color: #dcab8b;
        color: #192232;
        padding: 1px 2px;
         Form Element:  JSHandle@node  cannot have a name determined from parents, skipping @ https://app.revenuecat.com/assets/router-CoUosjCq.js:41
[  168456ms] [LOG] %c6sense JS 
        font-weight: bold;
        border-radius: 3px;
        background-color: #dcab8b;
        color: #192232;
        padding: 1px 2px;
         Hit MAX_ITERATIONS in getNameOfClosestParent @ https://app.revenuecat.com/assets/router-CoUosjCq.js:41
[  168456ms] [LOG] %c6sense JS 
        font-weight: bold;
        border-radius: 3px;
        background-color: #dcab8b;
        color: #192232;
        padding: 1px 2px;
         Form Element:  JSHandle@node  cannot have a name determined from parents, skipping @ https://app.revenuecat.com/assets/router-CoUosjCq.js:41
[  168456ms] [LOG] %c6sense JS 
        font-weight: bold;
        border-radius: 3px;
        background-color: #dcab8b;
        color: #192232;
        padding: 1px 2px;
         Hit MAX_ITERATIONS in getNameOfClosestParent @ https://app.revenuecat.com/assets/router-CoUosjCq.js:41
[  168456ms] [LOG] %c6sense JS 
        font-weight: bold;
        border-radius: 3px;
        background-color: #dcab8b;
        color: #192232;
        padding: 1px 2px;
         Form Element:  JSHandle@node  cannot have a name determined from parents, skipping @ https://app.revenuecat.com/assets/router-CoUosjCq.js:41
[  168456ms] [LOG] %c6sense JS 
        font-weight: bold;
        border-radius: 3px;
        background-color: #dcab8b;
        color: #192232;
        padding: 1px 2px;
         Hit MAX_ITERATIONS in getNameOfClosestParent @ https://app.revenuecat.com/assets/router-CoUosjCq.js:41
[  168456ms] [LOG] %c6sense JS 
        font-weight: bold;
        border-radius: 3px;
        background-color: #dcab8b;
        color: #192232;
        padding: 1px 2px;
         Form Element:  JSHandle@node  cannot have a name determined from parents, skipping @ https://app.revenuecat.com/assets/router-CoUosjCq.js:41
[  222952ms] [LOG] %c6sense JS 
        font-weight: bold;
        border-radius: 3px;
        background-color: #dcab8b;
        color: #192232;
        padding: 1px 2px;
         Could not refine target, using event target @ https://app.revenuecat.com/assets/router-CoUosjCq.js:41
[  247031ms] [LOG] %c6sense JS 
        font-weight: bold;
        border-radius: 3px;
        background-color: #dcab8b;
        color: #192232;
        padding: 1px 2px;
         Hit MAX_ITERATIONS in getNameOfClosestParent @ https://app.revenuecat.com/assets/router-CoUosjCq.js:41
[  247031ms] [LOG] %c6sense JS 
        font-weight: bold;
        border-radius: 3px;
        background-color: #dcab8b;
        color: #192232;
        padding: 1px 2px;
         Form Element:  JSHandle@node  cannot have a name determined from parents, skipping @ https://app.revenuecat.com/assets/router-CoUosjCq.js:41
[  247031ms] [LOG] %c6sense JS 
        font-weight: bold;
        border-radius: 3px;
        background-color: #dcab8b;
        color: #192232;
        padding: 1px 2px;
         Hit MAX_ITERATIONS in getNameOfClosestParent @ https://app.revenuecat.com/assets/router-CoUosjCq.js:41
[  247031ms] [LOG] %c6sense JS 
        font-weight: bold;
        border-radius: 3px;
        background-color: #dcab8b;
        color: #192232;
        padding: 1px 2px;
         Form Element:  JSHandle@node  cannot have a name determined from parents, skipping @ https://app.revenuecat.com/assets/router-CoUosjCq.js:41
[  247031ms] [LOG] %c6sense JS 
        font-weight: bold;
        border-radius: 3px;
        background-color: #dcab8b;
        color: #192232;
        padding: 1px 2px;
         Hit MAX_ITERATIONS in getNameOfClosestParent @ https://app.revenuecat.com/assets/router-CoUosjCq.js:41
[  247031ms] [LOG] %c6sense JS 
        font-weight: bold;
        border-radius: 3px;
        background-color: #dcab8b;
        color: #192232;
        padding: 1px 2px;
         Form Element:  JSHandle@node  cannot have a name determined from parents, skipping @ https://app.revenuecat.com/assets/router-CoUosjCq.js:41
[  247807ms] [ERROR] Failed to load resource: net::ERR_NAME_NOT_RESOLVED @ https://o105822.ingest.us.sentry.io/api/1317425/envelope/?sentry_version=7&sentry_key=3a63564adecb4b27b1eeccd8f113ea10&sentry_client=sentry.javascript.react%2F10.45.0:0
[  247808ms] [ERROR] Failed to load resource: net::ERR_NAME_NOT_RESOLVED @ https://o105822.ingest.us.sentry.io/api/1317425/envelope/?sentry_version=7&sentry_key=3a63564adecb4b27b1eeccd8f113ea10&sentry_client=sentry.javascript.react%2F10.45.0:0
[  250441ms] [ERROR] Failed to load resource: net::ERR_NAME_NOT_RESOLVED @ https://o105822.ingest.us.sentry.io/api/1317425/envelope/?sentry_version=7&sentry_key=3a63564adecb4b27b1eeccd8f113ea10&sentry_client=sentry.javascript.react%2F10.45.0:0
